// Jest Snapshot v1, https://goo.gl/fbAQLP

exports[`MainBody Snapshot renders 1`] = `
<div
  className="sc-EHOje dDliiN"
>
  <div
    className="sc-bdVaJa iWYoYO"
  />
</div>
`;
